{"logTime": "1020/170756", "correlationVector":"0R7mg4LDZrbm4yS15NPUna.1","action":"SyncServerConnectionManagerRequest", "result":"SYNC_SERVER_OK", "context":{"environment":"Prod_westeurope_prod-s01-079-eur-westeurope", "migrationStage":"NotStarted", "server":"akswtt10500000d"}}
{"logTime": "1020/170756", "correlationVector":"0R7mg4LDZrbm4yS15NPUna.2","action":"ProcessGetUpdates", "result":"Done", "context":{"dataType":"Encryption Keys", "deleted":"0", "process_failed_to_decrypt":"0", "process_pending_decryption":"0", "process_success":"1", "total":"1"}}
{"logTime": "1020/170757", "correlationVector":"7oh6ehXioEx6HL5EVA/Evh","action":"SyncServerConnectionManagerRequest", "result":"SYNC_SERVER_OK", "context":{"environment":"", "migrationStage":"", "server":""}}
{"logTime": "1020/170757", "correlationVector":"7oh6ehXioEx6HL5EVA/Evh.0","action":"EncryptionKeysFetcher.DownloadKeys:", "result":"Success", "context":Key count: 4, Last key timestamp: 2025-10-10T17:41:29Z}
{"logTime": "1020/170757", "correlationVector":"7oh6ehXioEx6HL5EVA/Evh.1","action":"EncryptionKeysManager::SetEncryptionKeys:", "result":"Success", "context":Key names[4]:[9vwAPb4VwxVDn0i12b6U8RotVT3vhhFElkTrYHC5WeYrk06pjUgLGjKWUghCW0KiSPyBOm3OjITM6Eig8n3YQg==][aoCqnrxJyK8SJXTwxTzNTZOBkd/VfHSHc02nD7Bsv3UifeEjnZ6fWC2bvq3AVO1JY5ZSVRM2IV3m7W8I2KyEiA==][8c149goxlmjMlh9LtAE7Y3FBQOGkyjP0rMWUwk5UbTFwa7FhDB1L87EK5ypOzrURk7teaT2A3eCFBZ6TeP4D2Q==][xNca2JY8RmigZa2x6Pnxv8Zo3Bbbe2Y2PN124A1miZbZTbSbf7LZWmHzN8MsZeATbtK0hzG9+dXYWjgKUqbG4g==]}
{"logTime": "1020/170757", "correlationVector":"7oh6ehXioEx6HL5EVA/Evh.2","action":"EncryptionKeysManager::SetEncryptionKeysWithTimestamps:", "result":"Success", "context":Key timestamps[4]:[2024-01-30T16:54:09Z][2024-09-21T15:28:56Z][2025-03-22T12:31:33Z][2025-10-10T17:41:29Z]}
{"logTime": "1020/170757", "correlationVector":"0R7mg4LDZrbm4yS15NPUna","action":"Initial GetUpdates", "result":"", "context":Reason: NEW_CLIENT. cV=0R7mg4LDZrbm4yS15NPUna}
{"logTime": "1020/170757", "correlationVector":"0R7mg4LDZrbm4yS15NPUna.3","action":"GetUpdates Response", "result":"Success", "context":Received 1 update(s). cV=0R7mg4LDZrbm4yS15NPUna.0;server=akswtt10500000d;cloudType=Consumer;environment=Prod_westeurope_prod-s01-079-eur-westeurope;migrationStage=NotStarted}
{"logTime": "1020/170757", "correlationVector":"xzzq2u3tNLHwgpPkn5zpbF","action":"Initial GetUpdates", "result":"", "context":Reason: NEWLY_SUPPORTED_DATATYPE. cV=xzzq2u3tNLHwgpPkn5zpbF}
{"logTime": "1020/170758", "correlationVector":"xzzq2u3tNLHwgpPkn5zpbF.1","action":"SyncServerConnectionManagerRequest", "result":"SYNC_SERVER_OK", "context":{"environment":"Prod_westeurope_prod-s01-079-eur-westeurope", "migrationStage":"NotStarted", "server":"akswtt105000004"}}
{"logTime": "1020/170758", "correlationVector":"xzzq2u3tNLHwgpPkn5zpbF.2","action":"ProcessGetUpdates", "result":"Done", "context":{"dataType":"Preferences", "deleted":"0", "process_failed_to_decrypt":"0", "process_pending_decryption":"0", "process_success":"44", "total":"44"}}
{"logTime": "1020/170758", "correlationVector":"xzzq2u3tNLHwgpPkn5zpbF.3","action":"ProcessGetUpdates", "result":"Done", "context":{"dataType":"Passwords", "deleted":"0", "process_failed_to_decrypt":"0", "process_pending_decryption":"0", "process_success":"1", "total":"1"}}
{"logTime": "1020/170758", "correlationVector":"xzzq2u3tNLHwgpPkn5zpbF.4","action":"ProcessGetUpdates", "result":"Done", "context":{"dataType":"Device Info", "deleted":"0", "process_failed_to_decrypt":"0", "process_pending_decryption":"0", "process_success":"2", "total":"2"}}
{"logTime": "1020/170758", "correlationVector":"xzzq2u3tNLHwgpPkn5zpbF.5","action":"GetUpdates Response", "result":"Success", "context":Received 47 update(s). cV=xzzq2u3tNLHwgpPkn5zpbF.0;server=akswtt105000004;cloudType=Consumer;environment=Prod_westeurope_prod-s01-079-eur-westeurope;migrationStage=NotStarted}
{"logTime": "1020/170758", "correlationVector":"yfrYiRQEAVDNkVDtb9LA4L","action":"Initial GetUpdates", "result":"", "context":Reason: NEWLY_SUPPORTED_DATATYPE. cV=yfrYiRQEAVDNkVDtb9LA4L}
{"logTime": "1020/170758", "correlationVector":"yfrYiRQEAVDNkVDtb9LA4L.1","action":"SyncServerConnectionManagerRequest", "result":"SYNC_SERVER_OK", "context":{"environment":"Prod_westeurope_prod-s01-079-eur-westeurope", "migrationStage":"NotStarted", "server":"akswtt105000008"}}
{"logTime": "1020/170758", "correlationVector":"yfrYiRQEAVDNkVDtb9LA4L.2","action":"ProcessGetUpdates", "result":"Done", "context":{"dataType":"Bookmarks", "deleted":"0", "process_failed_to_decrypt":"0", "process_pending_decryption":"0", "process_success":"6", "total":"6"}}
{"logTime": "1020/170758", "correlationVector":"yfrYiRQEAVDNkVDtb9LA4L.3","action":"GetUpdates Response", "result":"Success", "context":Received 6 update(s). cV=yfrYiRQEAVDNkVDtb9LA4L.0;server=akswtt105000008;cloudType=Consumer;environment=Prod_westeurope_prod-s01-079-eur-westeurope;migrationStage=NotStarted}
{"logTime": "1020/170758", "correlationVector":"Vk56yydzjvh+LYwuvMIjS8","action":"Initial GetUpdates", "result":"", "context":Reason: NEWLY_SUPPORTED_DATATYPE. cV=Vk56yydzjvh+LYwuvMIjS8}
{"logTime": "1020/170758", "correlationVector":"Vk56yydzjvh+LYwuvMIjS8.1","action":"SyncServerConnectionManagerRequest", "result":"SYNC_SERVER_OK", "context":{"environment":"Prod_westeurope_prod-s01-079-eur-westeurope", "migrationStage":"NotStarted", "server":"akswtt105000006"}}
{"logTime": "1020/170758", "correlationVector":"Vk56yydzjvh+LYwuvMIjS8.2","action":"ProcessGetUpdates", "result":"Done", "context":{"dataType":"Autofill Profiles", "deleted":"0", "process_failed_to_decrypt":"0", "process_pending_decryption":"0", "process_success":"1", "total":"1"}}
{"logTime": "1020/170758", "correlationVector":"Vk56yydzjvh+LYwuvMIjS8.3","action":"ProcessGetUpdates", "result":"Done", "context":{"dataType":"Autofill", "deleted":"0", "process_failed_to_decrypt":"0", "process_pending_decryption":"0", "process_success":"2", "total":"2"}}
{"logTime": "1020/170758", "correlationVector":"Vk56yydzjvh+LYwuvMIjS8.4","action":"ProcessGetUpdates", "result":"Done", "context":{"dataType":"Sessions", "deleted":"2", "process_failed_to_decrypt":"0", "process_pending_decryption":"0", "process_success":"5", "total":"5"}}
{"logTime": "1020/170758", "correlationVector":"Vk56yydzjvh+LYwuvMIjS8.5","action":"GetUpdates Response", "result":"Success", "context":Received 8 update(s). cV=Vk56yydzjvh+LYwuvMIjS8.0;server=akswtt105000006;cloudType=Consumer;environment=Prod_westeurope_prod-s01-079-eur-westeurope;migrationStage=NotStarted}
{"logTime": "1020/170758", "correlationVector":"y7BjTDNFLlSempFrI/B5Io","action":"Initial GetUpdates", "result":"", "context":Reason: NEWLY_SUPPORTED_DATATYPE. cV=y7BjTDNFLlSempFrI/B5Io}
{"logTime": "1020/170758", "correlationVector":"y7BjTDNFLlSempFrI/B5Io.1","action":"SyncServerConnectionManagerRequest", "result":"SYNC_SERVER_OK", "context":{"environment":"Prod_westeurope_prod-s01-079-eur-westeurope", "migrationStage":"NotStarted", "server":"akswtt10500000e"}}
{"logTime": "1020/170758", "correlationVector":"y7BjTDNFLlSempFrI/B5Io.2","action":"GetUpdates Response", "result":"Success", "context":Received 0 update(s). cV=y7BjTDNFLlSempFrI/B5Io.0;server=akswtt10500000e;cloudType=Consumer;environment=Prod_westeurope_prod-s01-079-eur-westeurope;migrationStage=NotStarted}
{"logTime": "1020/170758", "correlationVector":"+ncnVxm9X29NPNKkodurA/","action":"Normal GetUpdate request", "result":"", "context":cV=+ncnVxm9X29NPNKkodurA/
Nudged types: Sessions, Device Info, User Consents
Refresh requested types: Bookmarks, Preferences, Passwords, Autofill Profiles, Autofill, Extensions, Sessions, Extension settings, History Delete Directives, Device Info, User Consents, Send Tab To Self, Web Apps, History, Saved Tab Group, WebAuthn Credentials, Collection, Edge E Drop, Edge Hub App Usage, Edge Wallet, Encryption Keys}
{"logTime": "1020/170759", "correlationVector":"+ncnVxm9X29NPNKkodurA/.1","action":"SyncServerConnectionManagerRequest", "result":"SYNC_SERVER_OK", "context":{"environment":"Prod_westeurope_prod-s01-079-eur-westeurope", "migrationStage":"NotStarted", "server":"akswtt10500000l"}}
{"logTime": "1020/170759", "correlationVector":"+ncnVxm9X29NPNKkodurA/.2","action":"GetUpdates Response", "result":"Success", "context":Received 0 update(s). cV=+ncnVxm9X29NPNKkodurA/.0;server=akswtt10500000l;cloudType=Consumer;environment=Prod_westeurope_prod-s01-079-eur-westeurope;migrationStage=NotStarted}
{"logTime": "1020/170759", "correlationVector":"PpjDnP7ogRIVL5nSXzHxeg","action":"DoCompareDataConsistency requsted types: ", "result":"Bookmarks, Preferences, Passwords, Extensions, Extension settings, History Delete Directives, Send Tab To Self, Web Apps, History, Saved Tab Group, WebAuthn Credentials, Collection, Edge E Drop, Edge Wallet, Encryption Keys"}
{"logTime": "1020/170759", "correlationVector":"PpjDnP7ogRIVL5nSXzHxeg.0","action":"CompareDataConsistency result: ", "result":"Compare result: Encryption Keys is consistent. local entities count is: 1 local entities hash is: qjwSpybHiOKZaXjE8u80WUEvoAU="}
{"logTime": "1020/170759", "correlationVector":"PpjDnP7ogRIVL5nSXzHxeg.1","action":"CompareDataConsistency result: ", "result":"Compare result: Bookmarks is consistent. local entities count is: 0 local entities hash is: "}
{"logTime": "1020/170759", "correlationVector":"PpjDnP7ogRIVL5nSXzHxeg.2","action":"CompareDataConsistency result: ", "result":"Compare result: Preferences is consistent. local entities count is: 44 local entities hash is: dqa/cilgVyDuJbBxXZw0ZPaE2wo="}
{"logTime": "1020/170759", "correlationVector":"PpjDnP7ogRIVL5nSXzHxeg.3","action":"CompareDataConsistency result: ", "result":"Compare result: Extensions is consistent. local entities count is: 0 local entities hash is: "}
{"logTime": "1020/170759", "correlationVector":"PpjDnP7ogRIVL5nSXzHxeg.4","action":"CompareDataConsistency result: ", "result":"Compare result: Extension settings is consistent. local entities count is: 0 local entities hash is: "}
{"logTime": "1020/170759", "correlationVector":"PpjDnP7ogRIVL5nSXzHxeg.5","action":"CompareDataConsistency result: ", "result":"Compare result: History Delete Directives is consistent. local entities count is: 0 local entities hash is: "}
{"logTime": "1020/170759", "correlationVector":"PpjDnP7ogRIVL5nSXzHxeg.6","action":"CompareDataConsistency result: ", "result":"Server did not send this Send Tab To Self local entities count is: 0 local entities hash is: "}
{"logTime": "1020/170759", "correlationVector":"PpjDnP7ogRIVL5nSXzHxeg.7","action":"CompareDataConsistency result: ", "result":"Compare result: Web Apps is consistent. local entities count is: 0 local entities hash is: "}
{"logTime": "1020/170759", "correlationVector":"PpjDnP7ogRIVL5nSXzHxeg.8","action":"CompareDataConsistency result: ", "result":"Server did not send this History local entities count is: 0 local entities hash is: "}
{"logTime": "1020/170759", "correlationVector":"PpjDnP7ogRIVL5nSXzHxeg.9","action":"CompareDataConsistency result: ", "result":"Compare result: Saved Tab Group is consistent. local entities count is: 0 local entities hash is: "}
{"logTime": "1020/170759", "correlationVector":"PpjDnP7ogRIVL5nSXzHxeg.10","action":"CompareDataConsistency result: ", "result":"Server did not send this WebAuthn Credentials local entities count is: 0 local entities hash is: "}
{"logTime": "1020/170759", "correlationVector":"PpjDnP7ogRIVL5nSXzHxeg.11","action":"CompareDataConsistency result: ", "result":"Compare result: Collection is consistent. local entities count is: 0 local entities hash is: "}
{"logTime": "1020/170759", "correlationVector":"PpjDnP7ogRIVL5nSXzHxeg.12","action":"CompareDataConsistency result: ", "result":"Compare result: Edge E Drop is consistent. local entities count is: 0 local entities hash is: "}
{"logTime": "1020/170759", "correlationVector":"PpjDnP7ogRIVL5nSXzHxeg.13","action":"CompareDataConsistency result: ", "result":"Compare result: Edge Wallet is consistent. local entities count is: 0 local entities hash is: "}
{"logTime": "1020/170759", "correlationVector":"PpjDnP7ogRIVL5nSXzHxeg.14","action":"CompareDataConsistency result: ", "result":"Compare result: Passwords is consistent. local entities count is: 1 local entities hash is: SUlrXGm8R47mW/DYKorzMtcM8LU="}
{"logTime": "1020/170759", "correlationVector":"k6+yRzjMkSMxzOOBp6850L","action":"Commit Request", "result":"", "context":Item count: 4
Contributing types: Sessions, Device Info, User Consents}
{"logTime": "1020/170759", "correlationVector":"k6+yRzjMkSMxzOOBp6850L.1","action":"SyncServerConnectionManagerRequest", "result":"SYNC_SERVER_OK", "context":{"environment":"Prod_westeurope_prod-s01-079-eur-westeurope", "migrationStage":"NotStarted", "server":"akswtt10500000d"}}
{"logTime": "1020/170759", "correlationVector":"k6+yRzjMkSMxzOOBp6850L.2","action":"Commit Response", "result":"Success", "context":Result: Success. cV=k6+yRzjMkSMxzOOBp6850L.0;server=akswtt10500000d;cloudType=Consumer;environment=Prod_westeurope_prod-s01-079-eur-westeurope;migrationStage=NotStarted}
{"logTime": "1020/170759", "correlationVector":"","action":"DIAGNOSTIC_REQUEST|v1/diagnosticData/Diagnostic.SendCheckResult()|SUCCESS", "result":""}
{"logTime": "1020/170900", "correlationVector":"5R6j5P0stTPZPalYXuja2d","action":"Commit Request", "result":"", "context":Item count: 2
Contributing types: Sessions}
{"logTime": "1020/170901", "correlationVector":"5R6j5P0stTPZPalYXuja2d.1","action":"SyncServerConnectionManagerRequest", "result":"SYNC_SERVER_OK", "context":{"environment":"Prod_westeurope_prod-s01-079-eur-westeurope", "migrationStage":"NotStarted", "server":"akswtt10500000l"}}
{"logTime": "1020/170901", "correlationVector":"5R6j5P0stTPZPalYXuja2d.2","action":"Commit Response", "result":"Success", "context":Result: Success. cV=5R6j5P0stTPZPalYXuja2d.0;server=akswtt10500000l;cloudType=Consumer;environment=Prod_westeurope_prod-s01-079-eur-westeurope;migrationStage=NotStarted}
