2025-10-19 22:48:50.420: [INFO][Sync] Reset engine, reason: 8
2025-10-19 22:48:50.420: [INFO][Sync] Stopped: Bookmarks
2025-10-19 22:48:50.420: [INFO][Sync] Stopped: Preferences
2025-10-19 22:48:50.420: [INFO][Sync] Stopped: Passwords
2025-10-19 22:48:50.420: [INFO][Sync] Stopped: Autofill Profiles
2025-10-19 22:48:50.420: [INFO][Sync] Stopped: Autofill
2025-10-19 22:48:50.420: [INFO][Sync] Stopped: Extensions
2025-10-19 22:48:50.420: [INFO][Sync] Stopped: Sessions
2025-10-19 22:48:50.420: [INFO][Sync] Stopped: Extension settings
2025-10-19 22:48:50.420: [INFO][Sync] Stopped: History Delete Directives
2025-10-19 22:48:50.420: [INFO][Sync] Stopped: Device Info
2025-10-19 22:48:50.420: [INFO][Sync] Stopped: User Consents
2025-10-19 22:48:50.420: [INFO][Sync] Stopped: Send Tab To Self
2025-10-19 22:48:50.420: [INFO][Sync] Stopped: Web Apps
2025-10-19 22:48:50.420: [INFO][Sync] Stopped: History
2025-10-19 22:48:50.420: [INFO][Sync] Stopped: Saved Tab Group
2025-10-19 22:48:50.420: [INFO][Sync] Stopped: WebAuthn Credentials
2025-10-19 22:48:50.420: [INFO][Sync] Stopped: Collection
2025-10-19 22:48:50.420: [INFO][Sync] Stopped: Edge E Drop
2025-10-19 22:48:50.420: [INFO][Sync] Stopped: Edge Hub App Usage
2025-10-19 22:48:50.420: [INFO][Sync] Stopped: Edge Wallet
2025-10-19 22:48:50.420: [INFO][Sync] SyncState after authenticated was: NotSignedIn
2025-10-19 22:48:50.684: [INFO][Sync] Reset engine, reason: 8
2025-10-19 22:48:50.684: [INFO][Sync] Stopped: Bookmarks
2025-10-19 22:48:50.684: [INFO][Sync] Stopped: Preferences
2025-10-19 22:48:50.684: [INFO][Sync] Stopped: Passwords
2025-10-19 22:48:50.684: [INFO][Sync] Stopped: Autofill Profiles
2025-10-19 22:48:50.684: [INFO][Sync] Stopped: Autofill
2025-10-19 22:48:50.684: [INFO][Sync] Stopped: Extensions
2025-10-19 22:48:50.684: [INFO][Sync] Stopped: Sessions
2025-10-19 22:48:50.684: [INFO][Sync] Stopped: Extension settings
2025-10-19 22:48:50.684: [INFO][Sync] Stopped: History Delete Directives
2025-10-19 22:48:50.684: [INFO][Sync] Stopped: Device Info
2025-10-19 22:48:50.684: [INFO][Sync] Stopped: User Consents
2025-10-19 22:48:50.684: [INFO][Sync] Stopped: Send Tab To Self
2025-10-19 22:48:50.684: [INFO][Sync] Stopped: Web Apps
2025-10-19 22:48:50.684: [INFO][Sync] Stopped: History
2025-10-19 22:48:50.684: [INFO][Sync] Stopped: Saved Tab Group
2025-10-19 22:48:50.684: [INFO][Sync] Stopped: WebAuthn Credentials
2025-10-19 22:48:50.684: [INFO][Sync] Stopped: Collection
2025-10-19 22:48:50.684: [INFO][Sync] Stopped: Edge E Drop
2025-10-19 22:48:50.684: [INFO][Sync] Stopped: Edge Hub App Usage
2025-10-19 22:48:50.684: [INFO][Sync] Stopped: Edge Wallet
2025-10-19 22:49:02.015: [INFO][Sync] Reset engine, reason: 0
2025-10-20 17:07:52.773: [INFO][Sync] Reset engine, reason: 8
2025-10-20 17:07:52.773: [INFO][Sync] Stopped: Bookmarks
2025-10-20 17:07:52.773: [INFO][Sync] Stopped: Preferences
2025-10-20 17:07:52.773: [INFO][Sync] Stopped: Passwords
2025-10-20 17:07:52.773: [INFO][Sync] Stopped: Autofill Profiles
2025-10-20 17:07:52.773: [INFO][Sync] Stopped: Autofill
2025-10-20 17:07:52.773: [INFO][Sync] Stopped: Extensions
2025-10-20 17:07:52.773: [INFO][Sync] Stopped: Sessions
2025-10-20 17:07:52.773: [INFO][Sync] Stopped: Extension settings
2025-10-20 17:07:52.773: [INFO][Sync] Stopped: History Delete Directives
2025-10-20 17:07:52.773: [INFO][Sync] Stopped: Device Info
2025-10-20 17:07:52.773: [INFO][Sync] Stopped: User Consents
2025-10-20 17:07:52.773: [INFO][Sync] Stopped: Send Tab To Self
2025-10-20 17:07:52.773: [INFO][Sync] Stopped: Web Apps
2025-10-20 17:07:52.773: [INFO][Sync] Stopped: History
2025-10-20 17:07:52.773: [INFO][Sync] Stopped: Saved Tab Group
2025-10-20 17:07:52.773: [INFO][Sync] Stopped: WebAuthn Credentials
2025-10-20 17:07:52.773: [INFO][Sync] Stopped: Collection
2025-10-20 17:07:52.773: [INFO][Sync] Stopped: Edge E Drop
2025-10-20 17:07:52.773: [INFO][Sync] Stopped: Edge Hub App Usage
2025-10-20 17:07:52.773: [INFO][Sync] Stopped: Edge Wallet
2025-10-20 17:07:52.773: [INFO][Sync] SyncState after authenticated was: NotSignedIn
2025-10-20 17:07:52.967: [INFO][Sync] Reset engine, reason: 8
2025-10-20 17:07:52.967: [INFO][Sync] Stopped: Bookmarks
2025-10-20 17:07:52.967: [INFO][Sync] Stopped: Preferences
2025-10-20 17:07:52.967: [INFO][Sync] Stopped: Passwords
2025-10-20 17:07:52.967: [INFO][Sync] Stopped: Autofill Profiles
2025-10-20 17:07:52.967: [INFO][Sync] Stopped: Autofill
2025-10-20 17:07:52.967: [INFO][Sync] Stopped: Extensions
2025-10-20 17:07:52.967: [INFO][Sync] Stopped: Sessions
2025-10-20 17:07:52.967: [INFO][Sync] Stopped: Extension settings
2025-10-20 17:07:52.967: [INFO][Sync] Stopped: History Delete Directives
2025-10-20 17:07:52.967: [INFO][Sync] Stopped: Device Info
2025-10-20 17:07:52.967: [INFO][Sync] Stopped: User Consents
2025-10-20 17:07:52.967: [INFO][Sync] Stopped: Send Tab To Self
2025-10-20 17:07:52.967: [INFO][Sync] Stopped: Web Apps
2025-10-20 17:07:52.967: [INFO][Sync] Stopped: History
2025-10-20 17:07:52.967: [INFO][Sync] Stopped: Saved Tab Group
2025-10-20 17:07:52.967: [INFO][Sync] Stopped: WebAuthn Credentials
2025-10-20 17:07:52.967: [INFO][Sync] Stopped: Collection
2025-10-20 17:07:52.967: [INFO][Sync] Stopped: Edge E Drop
2025-10-20 17:07:52.967: [INFO][Sync] Stopped: Edge Hub App Usage
2025-10-20 17:07:52.967: [INFO][Sync] Stopped: Edge Wallet
2025-10-20 17:07:54.697: [INFO][Sync] Try to start sync engine
2025-10-20 17:07:54.701: [INFO][SyncManagerImpl::NudgeForInitialDownload] Initial download nudge for Encryption Keys
2025-10-20 17:07:54.701: [INFO][SyncEngineBackend::LoadAndConnectNigoriController] Load and connect Nigori controller
2025-10-20 17:07:54.701: [INFO][SyncEngineBackend::DoInitialize] Control Types added: Encryption Keys
2025-10-20 17:07:54.701: [INFO][SyncManagerImpl::ConfigureSyncer] Types to download: Encryption Keys with reason: 3
2025-10-20 17:07:54.701: [INFO][SyncSchedulerImpl::DoConfigurationSyncCycleJob] Configure job was blocked
2025-10-20 17:07:55.155: [INFO][SyncAuthManager::SetLastAuthError] Current auth error: None
2025-10-20 17:07:55.155: [INFO][SyncAuthManager::EdgeLogTokenErrorState] Token error with: None for account type: MSA
2025-10-20 17:07:55.155: [INFO][Sync] Credentials changed for: EdgeSyncKeyDataScope
2025-10-20 17:07:55.155: [INFO][SyncEngineBackend::DoUpdateKeyDataCredentials] Update key data credentials
2025-10-20 17:07:55.759: [INFO][SyncAuthManager::SetLastAuthError] Current auth error: None
2025-10-20 17:07:55.759: [INFO][SyncAuthManager::EdgeLogTokenErrorState] Token error with: None for account type: MSA
2025-10-20 17:07:55.759: [INFO][Sync] Credentials changed for: EdgeSyncScopeNew
2025-10-20 17:07:55.759: [INFO][SyncEngineBackend::DoUpdateCredentials] Update credentials
2025-10-20 17:07:55.759: [INFO][SyncSchedulerImpl::DoConfigurationSyncCycleJob] Blocked types:  and types to download: Encryption Keys
2025-10-20 17:07:56.609: [INFO][SyncEngineBackend::DoUpdateKeyDataCredentials] Update key data credentials
2025-10-20 17:07:56.620: [INFO][Sync] Started DataTypeManager configuration, reason: 4
2025-10-20 17:07:56.621: [INFO][Sync] Configuring for: Bookmarks, Preferences, Passwords, Autofill Profiles, Autofill, Extensions, Sessions, Extension settings, History Delete Directives, Device Info, User Consents, Send Tab To Self, Web Apps, History, Saved Tab Group, WebAuthn Credentials, Collection, Edge E Drop, Edge Hub App Usage, Edge Wallet, Encryption Keys, reason: 3, current state: 0
2025-10-20 17:07:56.621: [WARN][Sync] Crypto error data types: Passwords, Autofill Profiles, Autofill
2025-10-20 17:07:56.622: [INFO][Sync] Configure, desired: Bookmarks, Preferences, Extensions, Sessions, Extension settings, History Delete Directives, Device Info, User Consents, Send Tab To Self, Web Apps, History, Saved Tab Group, WebAuthn Credentials, Collection, Edge E Drop, Edge Hub App Usage, Edge Wallet, Encryption Keys; Allow fail: Passwords, Autofill Profiles, Autofill
2025-10-20 17:07:56.622: [INFO][Sync] Loading: Bookmarks
2025-10-20 17:07:56.622: [INFO][Sync] Loading: Preferences
2025-10-20 17:07:56.622: [INFO][Sync] Loading: Extensions
2025-10-20 17:07:56.622: [INFO][Sync] Loading: Sessions
2025-10-20 17:07:56.622: [INFO][Sync] Loading: Extension settings
2025-10-20 17:07:56.622: [INFO][Sync] Loading: History Delete Directives
2025-10-20 17:07:56.623: [INFO][Sync] Loading: Device Info
2025-10-20 17:07:56.623: [INFO][Sync] Loading: User Consents
2025-10-20 17:07:56.623: [INFO][Sync] Loading: Send Tab To Self
2025-10-20 17:07:56.623: [INFO][Sync] Loading: Web Apps
2025-10-20 17:07:56.623: [INFO][Sync] Loading: History
2025-10-20 17:07:56.623: [INFO][Sync] Loading: Saved Tab Group
2025-10-20 17:07:56.623: [INFO][Sync] Loading: WebAuthn Credentials
2025-10-20 17:07:56.623: [INFO][Sync] Loading: Collection
2025-10-20 17:07:56.623: [INFO][Sync] Loading: Edge E Drop
2025-10-20 17:07:56.623: [INFO][Sync] Loading: Edge Hub App Usage
2025-10-20 17:07:56.623: [INFO][Sync] Loading: Edge Wallet
2025-10-20 17:07:56.626: [INFO][Sync] All data types are ready for configure.
2025-10-20 17:07:57.385: [INFO][Sync] Started DataTypeManager configuration, reason: 5
2025-10-20 17:07:57.386: [INFO][Sync] Configuring for: Bookmarks, Preferences, Passwords, Autofill Profiles, Autofill, Extensions, Sessions, Extension settings, History Delete Directives, Device Info, User Consents, Send Tab To Self, Web Apps, History, Saved Tab Group, WebAuthn Credentials, Collection, Edge E Drop, Edge Hub App Usage, Edge Wallet, Encryption Keys, reason: 5, current state: 1
2025-10-20 17:07:57.391: [INFO][SyncEngineBackend::DoStartConfiguration] Start configuration
2025-10-20 17:07:57.392: [INFO][SyncManagerImpl::NudgeForInitialDownload] Initial download nudge for Bookmarks
2025-10-20 17:07:57.392: [INFO][SyncManagerImpl::NudgeForInitialDownload] Initial download nudge for Preferences
2025-10-20 17:07:57.392: [INFO][SyncManagerImpl::NudgeForInitialDownload] Initial download nudge for Extensions
2025-10-20 17:07:57.392: [INFO][SyncManagerImpl::NudgeForInitialDownload] Initial download nudge for Sessions
2025-10-20 17:07:57.392: [INFO][SyncManagerImpl::NudgeForInitialDownload] Initial download nudge for Extension settings
2025-10-20 17:07:57.392: [INFO][SyncManagerImpl::NudgeForInitialDownload] Initial download nudge for History Delete Directives
2025-10-20 17:07:57.392: [INFO][SyncManagerImpl::NudgeForInitialDownload] Initial download nudge for Device Info
2025-10-20 17:07:57.392: [INFO][SyncManagerImpl::NudgeForInitialDownload] Initial download nudge for Send Tab To Self
2025-10-20 17:07:57.392: [INFO][SyncManagerImpl::NudgeForInitialDownload] Initial download nudge for Web Apps
2025-10-20 17:07:57.392: [INFO][SyncManagerImpl::NudgeForInitialDownload] Initial download nudge for History
2025-10-20 17:07:57.392: [INFO][SyncManagerImpl::NudgeForInitialDownload] Initial download nudge for Saved Tab Group
2025-10-20 17:07:57.392: [INFO][SyncManagerImpl::NudgeForInitialDownload] Initial download nudge for WebAuthn Credentials
2025-10-20 17:07:57.392: [INFO][SyncManagerImpl::NudgeForInitialDownload] Initial download nudge for Collection
2025-10-20 17:07:57.392: [INFO][SyncManagerImpl::NudgeForInitialDownload] Initial download nudge for Edge E Drop
2025-10-20 17:07:57.392: [INFO][SyncManagerImpl::NudgeForInitialDownload] Initial download nudge for Edge Hub App Usage
2025-10-20 17:07:57.392: [INFO][SyncManagerImpl::NudgeForInitialDownload] Initial download nudge for Edge Wallet
2025-10-20 17:07:57.392: [INFO][SyncManagerImpl::ConfigureSyncer] Types to download:  with reason: 3
2025-10-20 17:07:57.392: [INFO][SyncEngineBackend::DoFinishConfigureDataTypes] Failed to download types:  and succeeded types: 
2025-10-20 17:07:57.395: [INFO][Sync] ConfigurationDone, failed: , succeeded: , remaining count: 4
2025-10-20 17:07:57.395: [WARN][Sync]     Reconfigure requested while configuration ongoing.
2025-10-20 17:07:57.395: [INFO][Sync] Configuring for: Bookmarks, Preferences, Passwords, Autofill Profiles, Autofill, Extensions, Sessions, Extension settings, History Delete Directives, Device Info, User Consents, Send Tab To Self, Web Apps, History, Saved Tab Group, WebAuthn Credentials, Collection, Edge E Drop, Edge Hub App Usage, Edge Wallet, Encryption Keys, reason: 5, current state: 2
2025-10-20 17:07:57.395: [INFO][Sync] Configure, desired: Bookmarks, Preferences, Passwords, Autofill Profiles, Autofill, Extensions, Sessions, Extension settings, History Delete Directives, Device Info, User Consents, Send Tab To Self, Web Apps, History, Saved Tab Group, WebAuthn Credentials, Collection, Edge E Drop, Edge Hub App Usage, Edge Wallet, Encryption Keys; Allow fail: 
2025-10-20 17:07:57.395: [INFO][Sync] Loading: Passwords
2025-10-20 17:07:57.395: [INFO][Sync] Loading: Autofill Profiles
2025-10-20 17:07:57.395: [INFO][Sync] Loading: Autofill
2025-10-20 17:07:57.395: [INFO][Sync] All data types are ready for configure.
2025-10-20 17:07:57.396: [INFO][SyncManagerImpl::NudgeForInitialDownload] Initial download nudge for Passwords
2025-10-20 17:07:57.396: [INFO][SyncManagerImpl::NudgeForInitialDownload] Initial download nudge for Autofill Profiles
2025-10-20 17:07:57.396: [INFO][SyncManagerImpl::NudgeForInitialDownload] Initial download nudge for Autofill
2025-10-20 17:07:57.396: [INFO][SyncManagerImpl::ConfigureSyncer] Types to download:  with reason: 5
2025-10-20 17:07:57.396: [INFO][SyncEngineBackend::DoFinishConfigureDataTypes] Failed to download types:  and succeeded types: 
2025-10-20 17:07:57.396: [INFO][Sync] ConfigurationDone, failed: , succeeded: , remaining count: 4
2025-10-20 17:07:57.396: [INFO][Sync] Prepare to configure types: Preferences, Passwords, Device Info, Send Tab To Self, Edge E Drop, Encryption Keys
2025-10-20 17:07:57.396: [INFO][SyncManagerImpl::ConfigureSyncer] Types to download: Preferences, Passwords, Device Info, Send Tab To Self, Edge E Drop, Encryption Keys with reason: 5
2025-10-20 17:07:57.396: [INFO][SyncSchedulerImpl::DoConfigurationSyncCycleJob] Blocked types:  and types to download: Preferences, Passwords, Device Info, Send Tab To Self, Edge E Drop, Encryption Keys
2025-10-20 17:07:58.048: [INFO][SyncEngineBackend::DoFinishConfigureDataTypes] Failed to download types:  and succeeded types: Preferences, Passwords, Device Info, Send Tab To Self, Edge E Drop, Encryption Keys
2025-10-20 17:07:58.054: [INFO][Sync] ConfigurationDone, failed: , succeeded: Preferences, Passwords, Device Info, Send Tab To Self, Edge E Drop, Encryption Keys, remaining count: 3
2025-10-20 17:07:58.054: [INFO][Sync] Prepare to configure types: Bookmarks, Encryption Keys
2025-10-20 17:07:58.054: [INFO][SyncManagerImpl::ConfigureSyncer] Types to download: Bookmarks, Encryption Keys with reason: 5
2025-10-20 17:07:58.054: [INFO][SyncSchedulerImpl::DoConfigurationSyncCycleJob] Blocked types:  and types to download: Bookmarks, Encryption Keys
2025-10-20 17:07:58.738: [INFO][SyncEngineBackend::DoFinishConfigureDataTypes] Failed to download types:  and succeeded types: Bookmarks, Encryption Keys
2025-10-20 17:07:58.739: [INFO][Sync] ConfigurationDone, failed: , succeeded: Bookmarks, Encryption Keys, remaining count: 2
2025-10-20 17:07:58.739: [INFO][Sync] Prepare to configure types: Autofill Profiles, Autofill, Extensions, Sessions, Extension settings, History Delete Directives, Web Apps, Saved Tab Group, WebAuthn Credentials, Collection, Edge Hub App Usage, Edge Wallet, Encryption Keys
2025-10-20 17:07:58.739: [INFO][SyncManagerImpl::ConfigureSyncer] Types to download: Autofill Profiles, Autofill, Extensions, Sessions, Extension settings, History Delete Directives, Web Apps, Saved Tab Group, WebAuthn Credentials, Collection, Edge Hub App Usage, Edge Wallet, Encryption Keys with reason: 5
2025-10-20 17:07:58.739: [INFO][SyncSchedulerImpl::DoConfigurationSyncCycleJob] Blocked types:  and types to download: Autofill Profiles, Autofill, Extensions, Sessions, Extension settings, History Delete Directives, Web Apps, Saved Tab Group, WebAuthn Credentials, Collection, Edge Hub App Usage, Edge Wallet, Encryption Keys
2025-10-20 17:07:58.857: [INFO][SyncEngineBackend::DoFinishConfigureDataTypes] Failed to download types:  and succeeded types: Autofill Profiles, Autofill, Extensions, Sessions, Extension settings, History Delete Directives, Web Apps, Saved Tab Group, WebAuthn Credentials, Collection, Edge Hub App Usage, Edge Wallet, Encryption Keys
2025-10-20 17:07:58.859: [INFO][Sync] ConfigurationDone, failed: , succeeded: Autofill Profiles, Autofill, Extensions, Sessions, Extension settings, History Delete Directives, Web Apps, Saved Tab Group, WebAuthn Credentials, Collection, Edge Hub App Usage, Edge Wallet, Encryption Keys, remaining count: 1
2025-10-20 17:07:58.863: [INFO][Sync] Prepare to configure types: History, Encryption Keys
2025-10-20 17:07:58.863: [INFO][SyncManagerImpl::ConfigureSyncer] Types to download: History, Encryption Keys with reason: 5
2025-10-20 17:07:58.863: [INFO][SyncSchedulerImpl::DoConfigurationSyncCycleJob] Blocked types:  and types to download: History, Encryption Keys
2025-10-20 17:07:58.970: [INFO][SyncEngineBackend::DoFinishConfigureDataTypes] Failed to download types:  and succeeded types: History, Encryption Keys
2025-10-20 17:07:58.973: [INFO][Sync] ConfigurationDone, failed: , succeeded: History, Encryption Keys, remaining count: 0
2025-10-20 17:07:58.974: [INFO][Sync]     Configuration completed, state: 7
2025-10-20 17:07:58.974: [INFO][Sync] Configured DataTypeManager: Ok
2025-10-20 17:07:58.978: [INFO][SyncEngineBackend::DoStartSyncing] Start syncing
2025-10-20 17:11:25.365: [INFO][Sync] Reset engine, reason: 0
2025-10-20 17:11:25.365: [INFO][Sync] Reset engine with reason: 0
